// Jest Snapshot v1, https://goo.gl/fbAQLP

exports[`Navigator correct display 1`] = `
<div
  className="navigator"
  id="DOCUMENT_VIEWER-navigator"
>
  <button
    id="DOCUMENT_VIEWER-previous"
    onClick={[Function]}
  >
    Previous
  </button>
  <input
    id="DOCUMENT_VIEWER-current"
    onKeyDown={[Function]}
    placeholder={1}
    type="text"
  />
  <button
    id="DOCUMENT_VIEWER-next"
    onClick={[Function]}
  >
    Next
  </button>
</div>
`;
