// Jest Snapshot v1, https://goo.gl/fbAQLP

exports[`DisplayOptions check options 1`] = `
<div
  className="option"
  id="document-viewer-options-menu"
>
  <b
    className="option-header"
  >
    Document Viewer Options
  </b>
  <br />
  <br />
  <ul
    className="choose-option"
  >
    <div
      onClick={[Function]}
    >
      <li>
        Open Translation Coordinator
      </li>
    </div>
    <br />
    <div
      onClick={[Function]}
    >
      <li>
        Manage bookmarks
      </li>
    </div>
  </ul>
</div>
`;

exports[`OptionsMenu hide menu 1`] = `
<div
  id="document-viewer-options-menu"
/>
`;

exports[`OptionsMenu show menu 1`] = `
<DisplayOptions
  selectOption={[MockFunction]}
/>
`;
